2026-09-06T17:16:20.746+05:30  INFO 9484 --- [api-gateway] [main] c.r.c.gateway.ApiGatewayApplication      : Starting ApiGatewayApplication using Java 21.0.4 with PID 9484 (F:\JAVAPROJECT1\backend\api-gateway\build\classes\java\main started by Rishav in F:\JAVAPROJECT1\backend\api-gateway)
2026-09-06T17:16:20.748+05:30  INFO 9484 --- [api-gateway] [main] c.r.c.gateway.ApiGatewayApplication      : No active profile set, falling back to 1 default profile: "default"
2026-09-06T17:16:21.777+05:30  INFO 9484 --- [api-gateway] [main] o.s.cloud.context.scope.GenericScope     : BeanFactory id=4a9b503c-7eca-34d0-a5a7-8897706b6cb1
2026-09-06T17:16:22.685+05:30  INFO 9484 --- [api-gateway] [main] o.s.c.g.r.RouteDefinitionRouteLocator    : Loaded RoutePredicateFactory [After]
2026-09-06T17:16:22.687+05:30  INFO 9484 --- [api-gateway] [main] o.s.c.g.r.RouteDefinitionRouteLocator    : Loaded RoutePredicateFactory [Before]
2026-09-06T17:16:22.687+05:30  INFO 9484 --- [api-gateway] [main] o.s.c.g.r.RouteDefinitionRouteLocator    : Loaded RoutePredicateFactory [Between]
2026-09-06T17:16:22.687+05:30  INFO 9484 --- [api-gateway] [main] o.s.c.g.r.RouteDefinitionRouteLocator    : Loaded RoutePredicateFactory [Cookie]
2026-09-06T17:16:22.687+05:30  INFO 9484 --- [api-gateway] [main] o.s.c.g.r.RouteDefinitionRouteLocator    : Loaded RoutePredicateFactory [Header]
2026-09-06T17:16:22.687+05:30  INFO 9484 --- [api-gateway] [main] o.s.c.g.r.RouteDefinitionRouteLocator    : Loaded RoutePredicateFactory [Host]
2026-09-06T17:16:22.687+05:30  INFO 9484 --- [api-gateway] [main] o.s.c.g.r.RouteDefinitionRouteLocator    : Loaded RoutePredicateFactory [Method]
2026-09-06T17:16:22.687+05:30  INFO 9484 --- [api-gateway] [main] o.s.c.g.r.RouteDefinitionRouteLocator    : Loaded RoutePredicateFactory [Path]
2026-09-06T17:16:22.687+05:30  INFO 9484 --- [api-gateway] [main] o.s.c.g.r.RouteDefinitionRouteLocator    : Loaded RoutePredicateFactory [Query]
2026-09-06T17:16:22.687+05:30  INFO 9484 --- [api-gateway] [main] o.s.c.g.r.RouteDefinitionRouteLocator    : Loaded RoutePredicateFactory [ReadBody]
2026-09-06T17:16:22.687+05:30  INFO 9484 --- [api-gateway] [main] o.s.c.g.r.RouteDefinitionRouteLocator    : Loaded RoutePredicateFactory [RemoteAddr]
2026-09-06T17:16:22.687+05:30  INFO 9484 --- [api-gateway] [main] o.s.c.g.r.RouteDefinitionRouteLocator    : Loaded RoutePredicateFactory [XForwardedRemoteAddr]
2026-09-06T17:16:22.688+05:30  INFO 9484 --- [api-gateway] [main] o.s.c.g.r.RouteDefinitionRouteLocator    : Loaded RoutePredicateFactory [Weight]
2026-09-06T17:16:22.688+05:30  INFO 9484 --- [api-gateway] [main] o.s.c.g.r.RouteDefinitionRouteLocator    : Loaded RoutePredicateFactory [CloudFoundryRouteService]
2026-09-06T17:16:22.895+05:30  INFO 9484 --- [api-gateway] [main] o.s.b.a.e.web.EndpointLinksResolver      : Exposing 4 endpoints beneath base path '/actuator'
2026-09-06T17:16:23.596+05:30  INFO 9484 --- [api-gateway] [main] o.s.b.web.embedded.netty.NettyWebServer  : Netty started on port 8080 (http)
2026-09-06T17:16:23.705+05:30  INFO 9484 --- [api-gateway] [main] c.r.c.gateway.ApiGatewayApplication      : Started ApiGatewayApplication in 3.439 seconds (process running for 3.901)
2026-09-06T17:58:25.910+05:30  INFO 26540 --- [api-gateway] [main] c.r.c.gateway.ApiGatewayApplication      : Starting ApiGatewayApplication using Java 21.0.4 with PID 26540 (F:\JAVAPROJECT1\backend\api-gateway\build\classes\java\main started by Rishav in F:\JAVAPROJECT1\backend\api-gateway)
2026-09-06T17:58:25.911+05:30  INFO 26540 --- [api-gateway] [main] c.r.c.gateway.ApiGatewayApplication      : No active profile set, falling back to 1 default profile: "default"
2026-09-06T17:58:26.691+05:30  INFO 26540 --- [api-gateway] [main] o.s.cloud.context.scope.GenericScope     : BeanFactory id=4a9b503c-7eca-34d0-a5a7-8897706b6cb1
2026-09-06T17:58:27.444+05:30  INFO 26540 --- [api-gateway] [main] o.s.c.g.r.RouteDefinitionRouteLocator    : Loaded RoutePredicateFactory [After]
2026-09-06T17:58:27.444+05:30  INFO 26540 --- [api-gateway] [main] o.s.c.g.r.RouteDefinitionRouteLocator    : Loaded RoutePredicateFactory [Before]
2026-09-06T17:58:27.444+05:30  INFO 26540 --- [api-gateway] [main] o.s.c.g.r.RouteDefinitionRouteLocator    : Loaded RoutePredicateFactory [Between]
2026-09-06T17:58:27.444+05:30  INFO 26540 --- [api-gateway] [main] o.s.c.g.r.RouteDefinitionRouteLocator    : Loaded RoutePredicateFactory [Cookie]
2026-09-06T17:58:27.444+05:30  INFO 26540 --- [api-gateway] [main] o.s.c.g.r.RouteDefinitionRouteLocator    : Loaded RoutePredicateFactory [Header]
2026-09-06T17:58:27.444+05:30  INFO 26540 --- [api-gateway] [main] o.s.c.g.r.RouteDefinitionRouteLocator    : Loaded RoutePredicateFactory [Host]
2026-09-06T17:58:27.444+05:30  INFO 26540 --- [api-gateway] [main] o.s.c.g.r.RouteDefinitionRouteLocator    : Loaded RoutePredicateFactory [Method]
2026-09-06T17:58:27.444+05:30  INFO 26540 --- [api-gateway] [main] o.s.c.g.r.RouteDefinitionRouteLocator    : Loaded RoutePredicateFactory [Path]
2026-09-06T17:58:27.444+05:30  INFO 26540 --- [api-gateway] [main] o.s.c.g.r.RouteDefinitionRouteLocator    : Loaded RoutePredicateFactory [Query]
2026-09-06T17:58:27.444+05:30  INFO 26540 --- [api-gateway] [main] o.s.c.g.r.RouteDefinitionRouteLocator    : Loaded RoutePredicateFactory [ReadBody]
2026-09-06T17:58:27.444+05:30  INFO 26540 --- [api-gateway] [main] o.s.c.g.r.RouteDefinitionRouteLocator    : Loaded RoutePredicateFactory [RemoteAddr]
2026-09-06T17:58:27.444+05:30  INFO 26540 --- [api-gateway] [main] o.s.c.g.r.RouteDefinitionRouteLocator    : Loaded RoutePredicateFactory [XForwardedRemoteAddr]
2026-09-06T17:58:27.444+05:30  INFO 26540 --- [api-gateway] [main] o.s.c.g.r.RouteDefinitionRouteLocator    : Loaded RoutePredicateFactory [Weight]
2026-09-06T17:58:27.444+05:30  INFO 26540 --- [api-gateway] [main] o.s.c.g.r.RouteDefinitionRouteLocator    : Loaded RoutePredicateFactory [CloudFoundryRouteService]
2026-09-06T17:58:27.598+05:30  INFO 26540 --- [api-gateway] [main] o.s.b.a.e.web.EndpointLinksResolver      : Exposing 4 endpoints beneath base path '/actuator'
2026-09-06T17:58:27.883+05:30  INFO 26540 --- [api-gateway] [main] o.s.b.web.embedded.netty.NettyWebServer  : Netty started on port 8080 (http)
2026-09-06T17:58:27.941+05:30  INFO 26540 --- [api-gateway] [main] c.r.c.gateway.ApiGatewayApplication      : Started ApiGatewayApplication in 2.406 seconds (process running for 2.804)
